// Jest Snapshot v1, https://goo.gl/fbAQLP

exports[`renders snapshot correctly 1`] = `
<div>
  <Button
    className="navbar-mobile-btn"
    ghost={false}
    loading={false}
    onClick={[Function]}
    prefixCls="ant-btn"
    type="primary"
  >
    <Icon
      type="menu-unfold"
    />
  </Button>
  <NavBar
    collapsed={true}
    mobile={true}
    onSelect={[Function]}
  />
</div>
`;
