// Jest Snapshot v1, https://goo.gl/fbAQLP

exports[`renders snapshot correctly 1`] = `
<div
  className="menu-btn-wrapper"
>
  <Button
    className="menu-btn"
    ghost={true}
    loading={false}
    onClick={[Function]}
    prefixCls="ant-btn"
  >
    <Icon
      type="menu-unfold"
    />
  </Button>
  <Drawer
    className="drawer"
    closable={false}
    level={null}
    maskClosable={true}
    onClose={[Function]}
    placement="left"
    prefixCls="ant-drawer"
    title=""
    visible={false}
    width={256}
  >
    <NavBar
      mode="vertical"
    />
  </Drawer>
</div>
`;
