// Jest Snapshot v1, https://goo.gl/fbAQLP

exports[`renders snapshot correctly 1`] = `
<Menu
  className=""
  defaultSelectedKeys={Array []}
  focusable={false}
  mode={undefined}
  prefixCls="ant-menu"
  style={
    Object {
      "lineHeight": "64px",
    }
  }
  theme="dark"
>
  <MenuItem>
    <Link
      replace={false}
      to="/"
    >
      Home
    </Link>
  </MenuItem>
  <MenuItem>
    <Link
      replace={false}
      to="/user-locations-page"
    >
      My Food Places
    </Link>
  </MenuItem>
</Menu>
`;
