// Jest Snapshot v1, https://goo.gl/fbAQLP

exports[`renders snapshot correctly 1`] = `
<Menu
  className=""
  defaultSelectedKeys={
    Array [
      "2",
    ]
  }
  focusable={false}
  mode="horizontal"
  prefixCls="ant-menu"
  style={
    Object {
      "lineHeight": "64px",
    }
  }
  theme="dark"
>
  <MenuItem>
    <Link
      replace={false}
      to="/user-locations-page"
    >
      User Locations Page
    </Link>
  </MenuItem>
  <MenuItem>
    <Link
      replace={false}
      to="/new-location"
    >
      New Location
    </Link>
  </MenuItem>
  <MenuItem>
    nav 3
  </MenuItem>
</Menu>
`;
