// Jest Snapshot v1, https://goo.gl/fbAQLP

exports[`Snapshot Test for rendering 1`] = `
<Form
  hideRequiredMark={false}
  layout="horizontal"
  onSubmit={[Function]}
  prefixCls="ant-form"
>
  <FormItem
    colon={true}
    hasFeedback={false}
    label="Location Name"
    labelCol={
      Object {
        "sm": Object {
          "span": 8,
        },
        "xs": Object {
          "span": 24,
        },
      }
    }
    prefixCls="ant-form"
    wrapperCol={
      Object {
        "sm": Object {
          "span": 16,
        },
        "xs": Object {
          "span": 24,
        },
      }
    }
  />
  <FormItem
    colon={true}
    hasFeedback={false}
    label="Geocoded Location Name"
    labelCol={
      Object {
        "sm": Object {
          "span": 8,
        },
        "xs": Object {
          "span": 24,
        },
      }
    }
    prefixCls="ant-form"
    wrapperCol={
      Object {
        "sm": Object {
          "span": 16,
        },
        "xs": Object {
          "span": 24,
        },
      }
    }
  />
  <FormItem
    colon={true}
    hasFeedback={false}
    label="Latitude"
    labelCol={
      Object {
        "sm": Object {
          "span": 8,
        },
        "xs": Object {
          "span": 24,
        },
      }
    }
    prefixCls="ant-form"
    wrapperCol={
      Object {
        "sm": Object {
          "span": 16,
        },
        "xs": Object {
          "span": 24,
        },
      }
    }
  />
  <FormItem
    colon={true}
    hasFeedback={false}
    label="Longitude"
    labelCol={
      Object {
        "sm": Object {
          "span": 8,
        },
        "xs": Object {
          "span": 24,
        },
      }
    }
    prefixCls="ant-form"
    wrapperCol={
      Object {
        "sm": Object {
          "span": 16,
        },
        "xs": Object {
          "span": 24,
        },
      }
    }
  />
  <FormItem
    colon={true}
    hasFeedback={false}
    prefixCls="ant-form"
    wrapperCol={
      Object {
        "sm": Object {
          "offset": 8,
          "span": 16,
        },
        "xs": Object {
          "offset": 0,
          "span": 24,
        },
      }
    }
  >
    <Button
      ghost={false}
      htmlType="submit"
      loading={false}
      prefixCls="ant-btn"
      type="primary"
    >
      Create
    </Button>
  </FormItem>
</Form>
`;
