// Jest Snapshot v1, https://goo.gl/fbAQLP

exports[`Snapshot Test for rendering 1`] = `
<Form
  hideRequiredMark={false}
  layout="vertical"
  onSubmit={[Function]}
  prefixCls="ant-form"
>
  <FormItemWithInput
    getFieldDecorator={[Function]}
    id="locationName"
    label="Location Name"
    required={true}
  />
  <FormItemWithInput
    getFieldDecorator={[Function]}
    id="geocodedLocationName"
    label="Geocoded Location Name"
    required={true}
  />
  <FormItem
    colon={true}
    hasFeedback={false}
    label="Latitude"
    prefixCls="ant-form"
  />
  <FormItem
    colon={true}
    hasFeedback={false}
    label="Longitude"
    prefixCls="ant-form"
  />
  <FormItem
    colon={true}
    hasFeedback={false}
    prefixCls="ant-form"
  >
    <Button
      ghost={false}
      htmlType="submit"
      loading={false}
      prefixCls="ant-btn"
      type="primary"
    >
      Create
    </Button>
  </FormItem>
</Form>
`;
