// Jest Snapshot v1, https://goo.gl/fbAQLP

exports[`renders snapshot correctly 1`] = `
<Adapter
  className="layout"
>
  <BrowserRouter>
    <div>
      <FoodStepsHeader
        onSignInAppCallback={[Function]}
      />
      <NavRoutes
        isLoggedInUser={false}
        onUserSignedIn={[Function]}
      />
    </div>
  </BrowserRouter>
</Adapter>
`;
