// Jest Snapshot v1, https://goo.gl/fbAQLP

exports[`renders snapshot correctly 1`] = `
<Adapter
  className="layout"
>
  <BrowserRouter>
    <div>
      <FoodStepsHeader
        isUserLoggedIn={false}
        onUserLogin={[Function]}
        onUserLogout={[Function]}
      />
      <NavRoutes
        isUserLoggedIn={false}
      />
    </div>
  </BrowserRouter>
</Adapter>
`;
