// Jest Snapshot v1, https://goo.gl/fbAQLP

exports[`renders snapshot correctly 1`] = `
<div>
  <Adapter>
    <div
      className="logo"
    />
    <Button
      className="sign-up-button"
      ghost={false}
      loading={false}
      onClick={[Function]}
      prefixCls="ant-btn"
      type="primary"
    >
      Sign Up / Sign In
    </Button>
    <SignInSignUpModal
      closeModal={[Function]}
      isModalVisible={false}
      onSignInAppCallback={undefined}
      onSignOutAppCallback={undefined}
      showAvatarInHeader={[Function]}
    />
    <NavBar />
  </Adapter>
</div>
`;
