// Jest Snapshot v1, https://goo.gl/fbAQLP

exports[`should render snapshot correctly 1`] = `
<div
  className="main-locations"
>
  <div
    id="map-locations-map"
  >
    <Wrapper
      onMapLoaded={[Function]}
      userCurrentPostion={
        Object {
          "lat": 1.2,
          "lng": 103,
        }
      }
    />
  </div>
  <div
    id="map-locations-list"
  >
    <Button
      ghost={false}
      icon="plus"
      loading={false}
      prefixCls="ant-btn"
      type="primary"
    >
       Add Location 
    </Button>
    <LocationsList
      userLocations={Array []}
    />
  </div>
</div>
`;
