// Jest Snapshot v1, https://goo.gl/fbAQLP

exports[`should render snapshot correctly 1`] = `
<div
  className="main-locations"
>
  <div
    id="map-container"
  >
    <Wrapper
      onMapLoaded={[Function]}
      userCurrentPostion={
        Object {
          "lat": 1.304,
          "lng": 103.8318,
        }
      }
      userLocations={Array []}
      userSelectedLocation={null}
    />
  </div>
  <div
    id="right-panel-container"
  >
    <div>
      <div
        className="add-new-loc-btn-wrapper"
      >
        <Button
          ghost={false}
          icon="plus"
          loading={false}
          onClick={[Function]}
          prefixCls="ant-btn"
          type="primary"
        >
          Add New Food Place
        </Button>
      </div>
      <div
        className="list-container"
      >
        <InfiniteScroll
          element="div"
          hasMore={false}
          initialLoad={false}
          isReverse={false}
          loadMore={[Function]}
          loader={null}
          pageStart={0}
          ref={null}
          threshold={250}
          useCapture={false}
          useWindow={false}
        >
          <LocationsList
            userLocations={Array []}
          />
        </InfiniteScroll>
      </div>
    </div>
  </div>
</div>
`;
