// Jest Snapshot v1, https://goo.gl/fbAQLP

exports[`should render snapshot correctly 1`] = `
<div
  className="main-locations"
>
  <div
    id="map-locations-map"
  >
    <Wrapper
      clickedLocation={null}
      onMapLoaded={[Function]}
      userCurrentPostion={
        Object {
          "lat": 1.304,
          "lng": 103.8318,
        }
      }
    />
  </div>
  <div
    id="map-locations-list"
  >
    <div>
      <Button
        ghost={false}
        icon="plus"
        loading={false}
        onClick={[Function]}
        prefixCls="ant-btn"
        type="primary"
      >
        Add New Food Place
      </Button>
      <LocationsList
        userLocations={Array []}
      />
    </div>
  </div>
</div>
`;
