// Jest Snapshot v1, https://goo.gl/fbAQLP

exports[`snapshot test 1`] = `
<Item>
  <Meta
    avatar={
      <Avatar
        prefixCls="ant-avatar"
        shape="circle"
        size="default"
        src={undefined}
      />
    }
    description="original soy chicken rice"
    title={
      <span>
        soy chicken rice
      </span>
    }
  />
</Item>
`;
